main.c:68:5:main	632	static
main.c:134:6:SystemClock_Config	72	static
main.c:170:13:MX_SPI1_Init	8	static
main.c:208:13:MX_GPIO_Init	32	static
main.c:245:6:InicializarSimulacao	48	static
main.c:272:6:ConfigurarParametros	40	static
main.c:281:6:Option_Input	56	static
main.c:316:6:Bool_Option_Input	64	static
main.c:360:6:Shape_Select	24	static
main.c:370:6:Plane_Movement	104	static
main.c:391:5:AvaliarTentativa	48	static
main.c:400:6:RegistrarTentativa	32	static
main.c:413:6:ExibirResumoFinal	160	static
main.c:501:6:Target_Spawn	32	static
main.c:510:6:ExecutarLancamento	96	static
main.c:552:6:Error_Handler	4	static,ignoring_inline_asm
